> 1
> 0
> 64
> 5
> 7
> > 10946
> > > > 45
> > Hello, world!
0
> > 42
0
> 18446744073709551615
0
> > > 2007
0
> -1
0
> -9223372036854775808
0
> > deadbeef
0
> > > 2147483648
0
> > 4
> 
